// Jest Snapshot v1, https://goo.gl/fbAQLP

exports[`PokemonPage component should match the snapshot once the data has been loaded 1`] = `
<div>
  <h1>Cuál es este pokémon?</h1>
  <pokemon-picture-stub pokemonid="1" showpokemon="false"></pokemon-picture-stub>
  <pokemon-options-stub pokemons="[object Object],[object Object],[object Object],[object Object]"></pokemon-options-stub>
  <!--v-if-->
</div>
`;
